### 17:33:10 STEP native (eager) teacher-forced scoring
 88 prompt tok scored in   4.2s | 'The Hadamard transform is a linear map defined by '
121 prompt tok scored in   4.4s | 'def merge_sort(a):\n    if len(a) <= 1:\n        ret'
 60 prompt tok scored in   2.8s | 'Il 20 luglio 1969 Neil Armstrong divenne il primo '
 59 prompt tok scored in   2.9s | 'TCP provides a reliable, ordered byte stream with '
 85 prompt tok scored in   3.8s | 'Theorem. Every bounded monotone sequence of real n'
saved /work/rocm/results/lp_native_tf.json
### 17:35:16 STEP exact path teacher-forced scoring
 88 prompt tok scored in   4.2s | 'The Hadamard transform is a linear map defined by '
121 prompt tok scored in   4.4s | 'def merge_sort(a):\n    if len(a) <= 1:\n        ret'
 60 prompt tok scored in   2.8s | 'Il 20 luglio 1969 Neil Armstrong divenne il primo '
 59 prompt tok scored in   2.9s | 'TCP provides a reliable, ordered byte stream with '
 85 prompt tok scored in   3.8s | 'Theorem. Every bounded monotone sequence of real n'
saved /work/rocm/results/lp_exact_tf.json
### 17:37:23 COMPARE teacher-forced native vs exact
SAME  'The Hadamard transform is a linear map'
SAME  'def merge_sort(a):\n    if len(a) <= 1:'
SAME  'Il 20 luglio 1969 Neil Armstrong diven'
SAME  'TCP provides a reliable, ordered byte '
SAME  'Theorem. Every bounded monotone sequen'

top-1 agreement: 413/413 = 100.00%   mean |dlogprob| on agreed tokens: 0.0000   mean KL(top5): 0.00000
### 17:37:23 STEP native + HIP graphs retry (VLLM_USE_BREAKABLE_CUDAGRAPH=1 ENFORCE_EAGER=0)
TTFT 1.91s | 256 tokens (256 chunks) in 15.71s -> 16.3 tok/s decode (single stream)
TTFT 1.74s | 256 tokens (256 chunks) in 15.33s -> 16.7 tok/s decode (single stream)
INFO 09-11 17:39:01 [breakable_cudagraph.py:288] Breakable CUDA graph enabled
INFO 09-11 17:39:05 [gpu_worker.py:652] CUDA graph memory profiling is enabled (default since v0.21.0). The current --gpu-memory-utilization=0.8700 is equivalen
INFO 09-11 17:39:08 [gpu_worker.py:876] Free memory on device (191.36/191.69 GiB) on startup. Desired GPU memory utilization is (0.87, 166.77 GiB). Actual usage
### 17:39:45 STEP leave native server running
### 17:41:34 DONE
